// Jest Snapshot v1, https://goo.gl/fbAQLP

exports[`index/Payment/components/Modals/PinPad/components/Pinpad/pinpad component should render correctly 1`] = `
<Pinpad
  pay={
    Object {
      "amount": "370.00",
      "ams_account_id": "APD AccountID",
      "apd_input_type": 1,
      "index": 0,
      "payName": "Debit Card",
      "paymentTypeId": 4,
      "payment_type_id": 4,
    }
  }
  pinpad={
    Object {
      "payment": Immutable.Map {
        receiptHeaderId: 1234,
        agentId: 0,
        isRefund: false,
        currentPayIndex: 0,
        promptMessage: "",
        isNewCard: false,
        webStartServicehelpURL: "",
        cardHolderInfo: Immutable.Map {
            cardholderZip: null,
            cardholderAddr: null,
        },
        pays: Immutable.List [
            Immutable.Map {
                ams_account_id: "APD AccountID",
                payment_type_id: 4,
                index: 0,
                payName: "Debit Card",
                amount: "370.00",
                apd_input_type: 1,
                paymentTypeId: 4,
            },
        ],
        communicating: false,
        debitCardId: 4,
        companyId: 0,
        customerId: 1,
        apdAppletInfo: Immutable.Map {
            pinpad_data_entry_timeout: 20,
            avs_zip: false,
            avs_full_addr: true,
            write_to_log: "Yes",
            merchant_user: "AMS34VbVMSCRealDivId",
            device_id: 999888,
            merchant_descriptor: "ActiveNetTrainer",
            pinpad_pin_entry_timeout: 40,
            ams_timeout: 100,
            terminal_location_state: "CA",
            terminal_number: "007",
            terminal_location_address: "937 Enterprise Dr",
            usb_port_name: "COM5",
            card_acceptor_name: "YMCA OF METROPOLITAN LOS ANGELES",
            applet_name: "APDInterfaceApplet",
            terminal_location_city: "Sacramento",
            merchant_password: "AMS34VbVMSCRealDivId",
            ams_url: "mstest.active.com",
            device_type_id: 1,
            pinpad_swipe_card_timeout: 50,
            applets: "codebase=/device-libs/",
            pinpad_device_timeout: 300,
            ams_port: 443,
            terminal_location_zip: "95825",
        },
        errorMessage: "pinpad error occur",
        apdPaymentInfo: Immutable.Map {
            receiptNumber: 1000778.005,
            hasImmediatePaymentDue: false,
            orderId: "Receipt ID 22916",
            receiptPaymentId: 20423,
            rno: 1,
            committedReceiptId: 22916,
            canCancelApdPayment: true,
            isPayerCashCustomer: false,
            orderDescriptor: "YMCA OF METROPOLITAN LOS ANGELES",
            key: 1,
        },
    },
      "pinpadFail": Immutable.Map {
        shown: false,
    },
      "pinpadModal": Immutable.Map {
        title: "Processing Transaction",
        shown: true,
        apdInterfaceApplet: Immutable.Map {
            APDInputStart: [Function],
        },
    },
    }
  }
  showFailActionBtns={[Function]}
  store={
    Object {
      "clearActions": [Function],
      "dispatch": [Function],
      "getActions": [Function],
      "getState": [Function],
      "subscribe": [Function],
    }
  }
  updateErrorMessage={[Function]}
  updateModalTitle={[Function]}
>
  <div
    className="payment-pinpad "
    onClick={[Function]}
  >
    <div
      className="payment-pinpad-header"
    >
      <span>
        Debit Card
      </span>
      <span>
        $ 
        370.00
      </span>
      <div />
    </div>
    <div
      className="payment-pinpad-body aaui-flexbox"
    >
      <div
        className="payment-pinpad-body-img"
        title="iPP320 Device"
      />
      <div
        className="payment-pinpad-body-right"
      >
        <p
          className="payment-pinpad-body-prompts"
        />
      </div>
    </div>
  </div>
</Pinpad>
`;
