// Jest Snapshot v1, https://goo.gl/fbAQLP

exports[`index/Payment/components/Modals/PinPad/components/Pinpad/singlePay component should render correctly 1`] = `
<SinglePay
  pay={Object {}}
  pinpad={Object {}}
  store={
    Object {
      "clearActions": [Function],
      "dispatch": [Function],
      "getActions": [Function],
      "getState": [Function],
      "subscribe": [Function],
    }
  }
>
  <Pinpad
    pay={Object {}}
    pinpad={Object {}}
  >
    <PinpadTransactionFail
      pinpad={Object {}}
    />
  </Pinpad>
</SinglePay>
`;
