// Jest Snapshot v1, https://goo.gl/fbAQLP

exports[`should render right thing and don't change unexpected 1`] = `
<div
  className="accordion accordion--show   "
>
  <div
    className="accordion__header"
    onKeyDown={[Function]}
    tabIndex={0}
  >
    <div
      className="accordion__header-text"
    >
      test title
    </div>
    <div
      className="accordion__header-icon"
    >
      <a
        onClick={[Function]}
      >
        <i
          className="icon-minus"
        />
      </a>
    </div>
  </div>
  <div
    className="accordion__body-container"
    onTransitionEnd={[Function]}
    style={
      Object {
        "height": undefined,
        "overflow": "hidden",
        "transition": "height 0.3s ease",
      }
    }
  >
    <div
      className="accordion__body"
    >
      Test
    </div>
  </div>
</div>
`;
