// Jest Snapshot v1, https://goo.gl/fbAQLP

exports[`DatePicker Component component should render correctly 1`] = `
<DatePicker
  data-qa-id="testid"
  errored={false}
  formatDate={[Function]}
  formatTextValue={[Function]}
  name="date-picker"
  onCalendarClose={[Function]}
  onCalendarOpen={[Function]}
  onValueChange={[Function]}
  showIcon={false}
  style={
    Object {
      "color": "red",
    }
  }
>
  <div
    className="date-picker"
    style={
      Object {
        "color": "red",
      }
    }
  >
    <Input
      ariaLabel="Input box"
      data-qa-id="testid"
      errored={false}
      icon={false}
      inputRef={[Function]}
      name="date-picker"
      onChange={[Function]}
      onFocus={[Function]}
      size="md"
      type="text"
    >
      <div
        className="input-group input-group--md"
      >
        <input
          aria-label="Input box"
          className="input input-group__field input__field"
          data-qa-id="testid"
          name="date-picker"
          onBlur={[Function]}
          onChange={[Function]}
          onFocus={[Function]}
          onInput={[Function]}
          onKeyPress={[Function]}
          onPaste={[Function]}
          type="text"
        />
      </div>
    </Input>
  </div>
</DatePicker>
`;
