// Jest Snapshot v1, https://goo.gl/fbAQLP

exports[`should render right thing and don't change unexpected 1`] = `
<div
  className="popover popover--e t-light"
  style={undefined}
/>
`;
