// Jest Snapshot v1, https://goo.gl/fbAQLP

exports[`services/validation/components/ErrorList.jsx rendering 1`] = `
<ErrorList
  messages={
    Array [
      "test messages",
    ]
  }
>
  <div
    className="an-error-list"
  >
    <div
      className="an-error"
      key="0"
    >
      <span
        className="icon aaui-alert-error-icon icon-times-circle"
      />
      <span>
        test messages
      </span>
    </div>
  </div>
</ErrorList>
`;
