// Jest Snapshot v1, https://goo.gl/fbAQLP

exports[`should render right thing and don't change unexpected 1`] = `
<div
  className="input-group input-group--m"
  style={undefined}
>
  <input
    aauiFormStore={
      Store {
        "asyncReducers": Object {
          "number": [Function],
          "undefined": [Function],
        },
        "childStoreList": Array [],
        "currentState": Object {
          "number": Object {
            "value": undefined,
          },
          "undefined": Object {
            "value": undefined,
          },
        },
        "getError": [Function],
        "getValue": [Function],
        "initialState": Object {},
        "listeners": Object {
          "clear": [Function],
          "notify": [Function],
          "subscribe": [Function],
        },
        "setError": [Function],
        "setValue": [Function],
        "validators": Object {
          "number": [Function],
          "undefined": [Function],
        },
      }
    }
    className="input input-group__field"
    disabled={undefined}
    name="number"
    onBlur={[Function]}
    onChange={[Function]}
    onInput={[Function]}
    type="number"
  />
</div>
`;
