// Jest Snapshot v1, https://goo.gl/fbAQLP

exports[`components/Select component renders fine 1`] = `
<div
  className="test-ms"
  onClick={[Function]}
>
  <div
    className="test-ms-renderer test-ms-renderer__empty"
  >
    <div
      className="test-ms-selection"
    >
      <ul>
        <li
          className="test-ms-search"
        >
          <div
            className="test-ms-search__container"
          >
            <input
              aria-autocomplete="list"
              aria-label={undefined}
              aria-labelledby={undefined}
              autoComplete={false}
              className="test-ms-search__field"
              disabled={undefined}
              maxLength={undefined}
              onBlur={[Function]}
              onChange={[Function]}
              onFocus={[Function]}
              onKeyDown={[Function]}
              type="text"
              value=""
            />
            <span
              className="test-ms-search__field-mirror"
            >
              
               
            </span>
          </div>
        </li>
      </ul>
    </div>
    <div
      className="test-ms-placeholder"
      onClick={[Function]}
    >
      test search...
    </div>
  </div>
</div>
`;

exports[`components/Select component renders fine with optionMenuRenderer 1`] = `
<div
  className="test-ms"
  onClick={[Function]}
>
  <div
    className="test-ms-renderer test-ms-renderer__empty"
  >
    <div
      className="test-ms-selection"
    >
      <ul>
        <li
          className="test-ms-search"
        >
          <div
            className="test-ms-search__container"
          >
            <input
              aria-autocomplete="list"
              aria-label={undefined}
              aria-labelledby={undefined}
              autoComplete={false}
              className="test-ms-search__field"
              disabled={undefined}
              maxLength={undefined}
              onBlur={[Function]}
              onChange={[Function]}
              onFocus={[Function]}
              onKeyDown={[Function]}
              type="text"
              value=""
            />
            <span
              className="test-ms-search__field-mirror"
            >
              
               
            </span>
          </div>
        </li>
      </ul>
    </div>
    <div
      className="test-ms-placeholder"
      onClick={[Function]}
    >
      test search...
    </div>
  </div>
</div>
`;
